stm32f4xx_ll_usart.h:409:22:LL_USART_Enable	16	static
stm32f4xx_ll_usart.h:1478:22:LL_USART_ConfigAsyncMode	16	static
stm32f4xx_ll_usart.h:1802:26:LL_USART_IsActiveFlag_TC	16	static
stm32f4xx_ll_usart.h:2425:22:LL_USART_TransmitData8	16	static
stm32f4xx_ll_bus.h:411:22:LL_AHB1_GRP1_EnableClock	24	static
stm32f4xx_ll_bus.h:1706:22:LL_APB2_GRP1_EnableClock	24	static
main.c:65:1:__io_putchar	16	static
main.c:79:5:main	40	static
main.c:133:6:SystemClock_Config	88	static
main.c:173:13:MX_I2C1_Init	8	static
main.c:219:13:MX_TIM3_Init	32	static
main.c:264:13:MX_TIM4_Init	32	static
main.c:309:13:MX_USART1_UART_Init	64	static
main.c:360:13:MX_GPIO_Init	40	static
main.c:389:6:Error_Handler	4	static,ignoring_inline_asm
